// Jest Snapshot v1, https://goo.gl/fbAQLP

exports[`Post Component should render Post component correctly 1`] = `
<div
  className="blogSeparator"
>
  <div>
    <div
      className="postTitle"
    >
      <span>
        <h2>
          title
        </h2>
      </span>
      <span />
    </div>
    <div
      className="postContent"
    >
      <p>
        body text
      </p>
      <ul
        className="ulStyle"
      >
        <li
          className="tagStyle"
          key="tag1"
        >
          tag1
        </li>
        <li
          className="tagStyle"
          key="tag2"
        >
          tag2
        </li>
      </ul>
      <Connect(Comments)
        comments={Array []}
        currentUser={
          Object {
            "firstName": "Tony",
            "userId": "999",
          }
        }
        entryUuid="123456"
      />
    </div>
  </div>
</div>
`;
