// Jest Snapshot v1, https://goo.gl/fbAQLP

exports[`Post Component should render Post component correctly 1`] = `
<div
  className="blogSeparator"
>
  <div
    className="postTitle"
  >
    <h2 />
  </div>
  <div
    className="postContent"
  >
    <p />
    <ul
      className="ulStyle"
    />
    <Comments
      comments={Array []}
    />
  </div>
</div>
`;
